// Vitest Snapshot v1, https://vitest.dev/guide/snapshot.html

exports[`dark/light background legibility (issue #712) > documents how each affected icon stays legible 1`] = `
[
  "dark: bridge/Axelar → monochrome AxelarMono",
  "dark: bridge/LayerZero → monochrome LayerZeroMono",
  "dark: bridge/Orbiter → variant OrbiterInverted",
  "dark: bridge/Wormhole → monochrome WormholeMono",
  "dark: chain/Aptos → monochrome AptosMono",
  "dark: chain/Berachain → variant BerachainCircle",
  "light: chain/Blast → variant BlastCircle",
  "dark: chain/Celestia → monochrome CelestiaMono",
  "light: chain/Celo → monochrome CeloMono",
  "dark: chain/DataNetwork → variant DataNetworkSquare",
  "dark: chain/Eclipse → monochrome EclipseMono",
  "dark: chain/Ethereum → variant EthereumCircle",
  "light: chain/Fraxtal → exempt (no-official-alternative)",
  "dark: chain/GnosisChain → monochrome GnosisChainMono",
  "dark: chain/Hedera → monochrome HederaMono",
  "dark: chain/Immutable → monochrome ImmutableMono",
  "light: chain/Mantle → variant MantleSquare",
  "light: chain/Mode → variant ModeCircle",
  "dark: chain/Near → monochrome NearMono",
  "dark: chain/Polkadot → monochrome PolkadotMono",
  "dark: chain/Scroll → monochrome ScrollMono",
  "dark: chain/Soneium → monochrome SoneiumMono",
  "dark: chain/Stacks → monochrome StacksMono",
  "dark: chain/Stellar → monochrome StellarMono",
  "dark: chain/WorldChain → monochrome WorldChainMono",
  "dark: chain/Zksync → variant ZksyncCircle",
  "dark: coin/Fet → monochrome FetMono",
  "dark: coin/Looks → exempt (legible-variant)",
  "dark: coin/Ondo → monochrome OndoMono",
  "dark: coin/Render → monochrome RenderMono",
  "dark: coin/Tao → monochrome TaoMono",
  "dark: coin/Xrp → variant XrpCircle",
  "dark: defi/Balancer → monochrome BalancerMono",
  "dark: defi/EigenLayer → monochrome EigenLayerMono",
  "light: defi/Frax → exempt (no-official-alternative)",
  "dark: devtool/Cactus → monochrome CactusMono",
  "dark: devtool/Privy → monochrome PrivyMono",
  "dark: devtool/TheGraph → monochrome TheGraphMono",
  "dark: devtool/Viem → monochrome ViemMono",
  "dark: devtool/Wagmi → monochrome WagmiMono",
  "dark: dex/Dydx → variant DydxInverted",
  "dark: dex/Ekubo → monochrome EkuboMono",
  "dark: dex/Fluid → monochrome FluidMono",
  "light: dex/Hyperliquid → monochrome HyperliquidMono",
  "light: dex/Orca → exempt (no-official-alternative)",
  "light: exchange/Bitget → monochrome BitgetMono",
  "dark: exchange/Bitstamp → variant BitstampCircle",
  "dark: exchange/Bybit → variant BybitInverted",
  "dark: exchange/Gemini → variant GeminiSquare",
  "dark: exchange/Htx → variant HtxInverted",
  "dark: exchange/Okx → monochrome OkxMono",
  "dark: marketplace/Tensor → monochrome TensorMono",
  "light: node/QuickNode → monochrome QuickNodeMono",
  "dark: oracle/Pyth → monochrome PythMono",
  "dark: storage/Arweave → monochrome ArweaveMono",
  "dark: storage/Walrus → monochrome WalrusMono",
  "dark: tracker/Arkham → monochrome ArkhamMono",
  "dark: tracker/CoinMarketCap → variant CoinMarketCapCircle",
  "dark: tracker/Dune → variant DuneSquare",
  "light: tracker/Nansen → monochrome NansenMono",
  "light: wallet/Daedalus → monochrome DaedalusMono",
  "dark: wallet/Ledger → monochrome LedgerMono",
  "dark: wallet/Safe → monochrome SafeMono",
  "dark: wallet/Tangem → monochrome TangemMono",
  "dark: wallet/Trezor → monochrome TrezorMono",
]
`;
