// Vitest Snapshot v1, https://vitest.dev/guide/snapshot.html

exports[`dark/light background legibility (issue #712) > documents how each affected icon stays legible 1`] = `
[
  "dark: bridge/Axelar → monochrome AxelarMono",
  "dark: bridge/LayerZero → monochrome LayerZeroMono",
  "dark: bridge/Orbiter → variant OrbiterInverted",
  "dark: bridge/Wormhole → monochrome WormholeMono",
  "dark: chain/Aptos → monochrome AptosMono",
  "dark: chain/Berachain → variant BerachainCircle",
  "dark: chain/Celestia → monochrome CelestiaMono",
  "dark: chain/Eclipse → monochrome EclipseMono",
  "dark: chain/Ethereum → variant EthereumCircle",
  "light: chain/Fraxtal → exempt (no-official-alternative)",
  "dark: chain/GnosisChain → monochrome GnosisChainMono",
  "dark: chain/Hedera → monochrome HederaMono",
  "dark: chain/ImmutableX → monochrome ImmutableXMono",
  "light: chain/Mantle → variant MantleSquare",
  "dark: chain/Near → monochrome NearMono",
  "dark: chain/Polkadot → monochrome PolkadotMono",
  "dark: chain/Scroll → monochrome ScrollMono",
  "dark: chain/Soneium → monochrome SoneiumMono",
  "dark: chain/Stacks → monochrome StacksMono",
  "dark: chain/Stellar → monochrome StellarMono",
  "dark: chain/WorldChain → monochrome WorldChainMono",
  "dark: chain/ZkSync → variant ZkSyncCircle",
  "dark: coin/Fet → monochrome FetMono",
  "dark: coin/Hbar → monochrome HbarMono",
  "dark: coin/Looks → exempt (legible-variant)",
  "dark: coin/Ondo → monochrome OndoMono",
  "dark: coin/Render → monochrome RenderMono",
  "dark: coin/Stx → monochrome StxMono",
  "dark: coin/Tao → monochrome TaoMono",
  "dark: coin/Tia → monochrome TiaMono",
  "dark: coin/Wld → monochrome WldMono",
  "dark: coin/Xrp → variant XrpCircle",
  "dark: defi/Balancer → monochrome BalancerMono",
  "light: defi/Frax → exempt (no-official-alternative)",
  "dark: defi/SafeProtocol → monochrome SafeProtocolMono",
  "dark: devtool/Cactus → monochrome CactusMono",
  "dark: devtool/Privy → monochrome PrivyMono",
  "dark: devtool/TheGraph → monochrome TheGraphMono",
  "dark: devtool/Viem → monochrome ViemMono",
  "dark: devtool/Wagmi → monochrome WagmiMono",
  "dark: dex/Dydx → variant DydxSquare",
  "dark: dex/Ekubo → monochrome EkuboMono",
  "dark: dex/Fluid → monochrome FluidMono",
  "dark: exchange/Bitstamp → variant BitstampCircle",
  "dark: exchange/Bybit → variant BybitInverted",
  "dark: exchange/Gemini → monochrome GeminiMono",
  "dark: exchange/Okx → monochrome OkxMono",
  "dark: marketplace/Tensor → monochrome TensorMono",
  "dark: oracle/Pyth → monochrome PythMono",
  "dark: storage/Arweave → monochrome ArweaveMono",
  "dark: storage/Walrus → monochrome WalrusMono",
  "dark: tracker/Arkham → monochrome ArkhamMono",
  "dark: tracker/Dune → variant DuneSquare",
  "dark: wallet/Ledger → monochrome LedgerMono",
  "dark: wallet/OkxWallet → monochrome OkxWalletMono",
  "dark: wallet/Safe → monochrome SafeMono",
  "dark: wallet/Tangem → monochrome TangemMono",
  "dark: wallet/Trezor → monochrome TrezorMono",
]
`;
